
> BizzRiserPlatform@0.0.1 build
> nest build

npm.cmd : [96msrc/modules/chatbots/executor/flow-executor.service.ts[0m:[93m387[0m:[93m11[0m - 
[91merror[0m[90m TS2345: [0mArgument of type '{ firstName: string; lastName: string; phone: string; email: string; 
organization: string; website: string; }' is not assignable to parameter of type 'any[]'.
At line:1 char:1
+ npm.cmd run build > build_output.txt 2>&1
+ ~~~~~~~~~~~~~~~~~~~~~~~~~~~~~~~~~~~~~~~~~
    + CategoryInfo          : NotSpecified: ([96msrc/module...f type 'any[]'.:String) [], RemoteException
    + FullyQualifiedErrorId : NativeCommandError
 
  Type '{ firstName: string; lastName: string; phone: string; email: string; organization: string; website: string; }' 
is missing the following properties from type 'any[]': length, pop, push, concat, and 35 more.

[7m387[0m           contactData
[7m   [0m [91m          ~~~~~~~~~~~[0m
[96msrc/modules/chatbots/executor/flow-executor.service.ts[0m:[93m413[0m:[93m11[0m - [91merror[0m[90m TS2345: 
[0mArgument of type '{ latitude: string; longitude: string; name: string | undefined; address: string | undefined; }' 
is not assignable to parameter of type '{ latitude: number; longitude: number; name?: string | undefined; address?: 
string | undefined; }'.
  Types of property 'latitude' are incompatible.
    Type 'string' is not assignable to type 'number'.

[7m413[0m           locationData
[7m   [0m [91m          ~~~~~~~~~~~~[0m
[96msrc/modules/chatbots/executor/flow-executor.service.ts[0m:[93m766[0m:[93m52[0m - [91merror[0m[90m TS7053: 
[0mElement implicitly has an 'any' type because expression of type 'any' can't be used to index type '{ 
'Content-Type': string; }'.

[7m766[0m       (config.headers || []).forEach((h: any) => { headers[h.key] = h.value; });
[7m   [0m [91m                                                   ~~~~~~~~~~~~~~[0m
[96msrc/modules/chatbots/executor/flow-executor.service.ts[0m:[93m1441[0m:[93m34[0m - [91merror[0m[90m 
TS2538: [0mType 'undefined' cannot be used as an index type.

[7m1441[0m       const dayConfig = schedule[weekday];
[7m    [0m [91m                                 ~~~~~~~[0m
[96msrc/modules/chatbots/executor/flow-executor.service.ts[0m:[93m1570[0m:[93m53[0m - [91merror[0m[90m 
TS2339: [0mProperty 'body' does not exist on type 'string | number | boolean | JsonObject | JsonArray'.
  Property 'body' does not exist on type 'string'.

[7m1570[0m             if (msg.type === 'TEXT' && msg.content?.body) {
[7m    [0m [91m                                                    ~~~~[0m
[96msrc/modules/chatbots/executor/flow-executor.service.ts[0m:[93m1573[0m:[93m38[0m - [91merror[0m[90m 
TS2339: [0mProperty 'body' does not exist on type 'string | number | boolean | JsonObject | JsonArray'.
  Property 'body' does not exist on type 'string'.

[7m1573[0m                 content: msg.content.body
[7m    [0m [91m                                     ~~~~[0m

Found 6 error(s).

